Value: 3
Input sequence: 4, 3, 10, 5, 3, 1, 7, 3, 4, 1
